// Jest Snapshot v1, https://goo.gl/fbAQLP

exports[`Pruebas en <GifGridItem /> Dede de mostrar el componente correctamente 1`] = `
<div
  className="card animate__animated animate__backInDown"
>
  <img
    alt="Un título"
    src="https://localhost/unaimagen.jgp"
  />
  <p>
    Un título
  </p>
</div>
`;
